src/components/BlurText.tsx(29,3): error TS2339: Property 'onAnimationComplete' does not exist on type 'BlurTextProps'.
src/components/BlurText.tsx(29,3): error TS6133: 'onAnimationComplete' is declared but its value is never read.
src/components/ProtectedRoute.tsx(3,1): error TS6133: 'useAuth' is declared but its value is never read.
